"Dependencies of framework:","Total number"
"","2"

"Dependencies for each module:",""
"Magento\B","1"
" -- Magento\Framework","1"

"Magento\A","1"
" -- Magento\Framework","1"
